// Jest Snapshot v1, https://goo.gl/fbAQLP

exports[`GridWrap component should correctly even out the outer cell gutter 1`] = `
.emotion-0 {
  box-sizing: border-box;
  margin: 0;
  min-width: 0;
  margin-left: -4px;
  margin-right: -4px;
  background-color: white;
  color: black;
  display: -webkit-box;
  display: -webkit-flex;
  display: -ms-flexbox;
  display: flex;
}

<div
  class="emotion-0"
/>
`;
